
> chaii-bros@0.1.0 build
> next build

 ⚠ Warning: Next.js inferred your workspace root, but it may not be correct.
 We detected multiple lockfiles and selected the directory of /Users/alabid/package-lock.json as the root directory.
 To silence this warning, set `outputFileTracingRoot` in your Next.js config, or consider removing one of the lockfiles if it's not needed.
   See https://nextjs.org/docs/app/api-reference/config/next-config-js/output#caveats for more information.
 Detected additional lockfiles: 
   * /Users/alabid/Desktop/Rubayit/ChaiiBros/package-lock.json

   ▲ Next.js 15.5.9
   - Environments: .env.local

   Creating an optimized production build ...
Failed to compile.

./app/legal/nutrition/page.tsx
Error:   [31mx[0m You're importing a component that needs `useEffect`. This React Hook only works in a Client Component. To fix, mark the file (or its parent) with the `"use client"` directive.
  [31m|[0m
  [31m|[0m  Learn more: https://nextjs.org/docs/app/api-reference/directives/use-client
  [31m|[0m

   ,-[[36;1;4m/Users/alabid/Desktop/Rubayit/ChaiiBros/app/legal/nutrition/page.tsx[0m:1:1]
 [2m1[0m | import { useEffect, useState } from "react";
   : [35;1m         ^^^^^^^^^[0m
 [2m2[0m | import { db } from "@/lib/firebase";
 [2m3[0m | import { doc, onSnapshot } from "firebase/firestore";
   `----
  [31mx[0m You're importing a component that needs `useState`. This React Hook only works in a Client Component. To fix, mark the file (or its parent) with the `"use client"` directive.
  [31m|[0m
  [31m|[0m  Learn more: https://nextjs.org/docs/app/api-reference/directives/use-client
  [31m|[0m

   ,-[[36;1;4m/Users/alabid/Desktop/Rubayit/ChaiiBros/app/legal/nutrition/page.tsx[0m:1:1]
 [2m1[0m | import { useEffect, useState } from "react";
   : [35;1m                    ^^^^^^^^[0m
 [2m2[0m | import { db } from "@/lib/firebase";
 [2m3[0m | import { doc, onSnapshot } from "firebase/firestore";
   `----

Import trace for requested module:
./app/legal/nutrition/page.tsx

./app/legal/privacy/page.tsx
Error:   [31mx[0m You're importing a component that needs `useEffect`. This React Hook only works in a Client Component. To fix, mark the file (or its parent) with the `"use client"` directive.
  [31m|[0m
  [31m|[0m  Learn more: https://nextjs.org/docs/app/api-reference/directives/use-client
  [31m|[0m

   ,-[[36;1;4m/Users/alabid/Desktop/Rubayit/ChaiiBros/app/legal/privacy/page.tsx[0m:1:1]
 [2m1[0m | import { useEffect, useState } from "react";
   : [35;1m         ^^^^^^^^^[0m
 [2m2[0m | import { db } from "@/lib/firebase";
 [2m3[0m | import { doc, onSnapshot } from "firebase/firestore";
   `----
  [31mx[0m You're importing a component that needs `useState`. This React Hook only works in a Client Component. To fix, mark the file (or its parent) with the `"use client"` directive.
  [31m|[0m
  [31m|[0m  Learn more: https://nextjs.org/docs/app/api-reference/directives/use-client
  [31m|[0m

   ,-[[36;1;4m/Users/alabid/Desktop/Rubayit/ChaiiBros/app/legal/privacy/page.tsx[0m:1:1]
 [2m1[0m | import { useEffect, useState } from "react";
   : [35;1m                    ^^^^^^^^[0m
 [2m2[0m | import { db } from "@/lib/firebase";
 [2m3[0m | import { doc, onSnapshot } from "firebase/firestore";
   `----

Import trace for requested module:
./app/legal/privacy/page.tsx

./app/legal/terms/page.tsx
Error:   [31mx[0m You're importing a component that needs `useEffect`. This React Hook only works in a Client Component. To fix, mark the file (or its parent) with the `"use client"` directive.
  [31m|[0m
  [31m|[0m  Learn more: https://nextjs.org/docs/app/api-reference/directives/use-client
  [31m|[0m

   ,-[[36;1;4m/Users/alabid/Desktop/Rubayit/ChaiiBros/app/legal/terms/page.tsx[0m:1:1]
 [2m1[0m | import { useEffect, useState } from "react";
   : [35;1m         ^^^^^^^^^[0m
 [2m2[0m | import { db } from "@/lib/firebase";
 [2m3[0m | import { doc, onSnapshot } from "firebase/firestore";
   `----
  [31mx[0m You're importing a component that needs `useState`. This React Hook only works in a Client Component. To fix, mark the file (or its parent) with the `"use client"` directive.
  [31m|[0m
  [31m|[0m  Learn more: https://nextjs.org/docs/app/api-reference/directives/use-client
  [31m|[0m

   ,-[[36;1;4m/Users/alabid/Desktop/Rubayit/ChaiiBros/app/legal/terms/page.tsx[0m:1:1]
 [2m1[0m | import { useEffect, useState } from "react";
   : [35;1m                    ^^^^^^^^[0m
 [2m2[0m | import { db } from "@/lib/firebase";
 [2m3[0m | import { doc, onSnapshot } from "firebase/firestore";
   `----

Import trace for requested module:
./app/legal/terms/page.tsx


> Build failed because of webpack errors
